/usr/bin/bash: line 1: Rscript: command not found
